[0.558s] Invoking command in '/media/systems/Data1/Uni/(AR) Algorithmic Robotics/workspace/succulence_ws/src/succulence_rover_ros': CONDA_PROMPT_MODIFIER=(base) DEBUGINFOD_URLS=https://debuginfod.ubuntu.com PYTHONPATH=/media/systems/Data1/Uni/(AR) Algorithmic Robotics/workspace/succulence_ws/build/succulence_rover_ros/prefix_override:/usr/lib/python3/dist-packages/colcon_core/task/python/colcon_distutils_commands:/media/systems/Data1/Uni/(AR) Algorithmic Robotics/workspace/succulence_ws/install/lib/python3.13/site-packages: /usr/bin/python3 -W ignore:setup.py install is deprecated -W ignore:easy_install command is deprecated setup.py egg_info --egg-base ../../build/succulence_rover_ros build --build-base /media/systems/Data1/Uni/(AR) Algorithmic Robotics/workspace/succulence_ws/build/succulence_rover_ros/build install --record /media/systems/Data1/Uni/(AR) Algorithmic Robotics/workspace/succulence_ws/build/succulence_rover_ros/install.log --single-version-externally-managed install_data
[0.659s] /usr/lib/python3/dist-packages/setuptools/_distutils/dist.py:270: UserWarning: Unknown distribution option: 'tests_require'
[0.659s]   warnings.warn(msg)
[0.698s] running egg_info
[0.707s] creating ../../build/succulence_rover_ros/succulence_rover_ros.egg-info
[0.707s] writing ../../build/succulence_rover_ros/succulence_rover_ros.egg-info/PKG-INFO
[0.709s] writing dependency_links to ../../build/succulence_rover_ros/succulence_rover_ros.egg-info/dependency_links.txt
[0.709s] writing entry points to ../../build/succulence_rover_ros/succulence_rover_ros.egg-info/entry_points.txt
[0.710s] writing requirements to ../../build/succulence_rover_ros/succulence_rover_ros.egg-info/requires.txt
[0.710s] writing top-level names to ../../build/succulence_rover_ros/succulence_rover_ros.egg-info/top_level.txt
[0.710s] writing manifest file '../../build/succulence_rover_ros/succulence_rover_ros.egg-info/SOURCES.txt'
[0.726s] reading manifest file '../../build/succulence_rover_ros/succulence_rover_ros.egg-info/SOURCES.txt'
[0.727s] writing manifest file '../../build/succulence_rover_ros/succulence_rover_ros.egg-info/SOURCES.txt'
[0.727s] running build
[0.727s] running build_py
[0.728s] creating /media/systems/Data1/Uni/(AR) Algorithmic Robotics/workspace/succulence_ws/build/succulence_rover_ros/build/lib/succulence_rover_ros
[0.728s] copying succulence_rover_ros/motion_model.py -> /media/systems/Data1/Uni/(AR) Algorithmic Robotics/workspace/succulence_ws/build/succulence_rover_ros/build/lib/succulence_rover_ros
[0.728s] copying succulence_rover_ros/occupancy_grid_mapper.py -> /media/systems/Data1/Uni/(AR) Algorithmic Robotics/workspace/succulence_ws/build/succulence_rover_ros/build/lib/succulence_rover_ros
[0.728s] copying succulence_rover_ros/utils.py -> /media/systems/Data1/Uni/(AR) Algorithmic Robotics/workspace/succulence_ws/build/succulence_rover_ros/build/lib/succulence_rover_ros
[0.728s] copying succulence_rover_ros/__init__.py -> /media/systems/Data1/Uni/(AR) Algorithmic Robotics/workspace/succulence_ws/build/succulence_rover_ros/build/lib/succulence_rover_ros
[0.728s] running install
[0.733s] running install_lib
[0.739s] creating /media/systems/Data1/Uni/(AR) Algorithmic Robotics/workspace/succulence_ws/install/lib/python3.13/site-packages/succulence_rover_ros
[0.739s] copying /media/systems/Data1/Uni/(AR) Algorithmic Robotics/workspace/succulence_ws/build/succulence_rover_ros/build/lib/succulence_rover_ros/motion_model.py -> /media/systems/Data1/Uni/(AR) Algorithmic Robotics/workspace/succulence_ws/install/lib/python3.13/site-packages/succulence_rover_ros
[0.739s] copying /media/systems/Data1/Uni/(AR) Algorithmic Robotics/workspace/succulence_ws/build/succulence_rover_ros/build/lib/succulence_rover_ros/occupancy_grid_mapper.py -> /media/systems/Data1/Uni/(AR) Algorithmic Robotics/workspace/succulence_ws/install/lib/python3.13/site-packages/succulence_rover_ros
[0.739s] copying /media/systems/Data1/Uni/(AR) Algorithmic Robotics/workspace/succulence_ws/build/succulence_rover_ros/build/lib/succulence_rover_ros/utils.py -> /media/systems/Data1/Uni/(AR) Algorithmic Robotics/workspace/succulence_ws/install/lib/python3.13/site-packages/succulence_rover_ros
[0.740s] copying /media/systems/Data1/Uni/(AR) Algorithmic Robotics/workspace/succulence_ws/build/succulence_rover_ros/build/lib/succulence_rover_ros/__init__.py -> /media/systems/Data1/Uni/(AR) Algorithmic Robotics/workspace/succulence_ws/install/lib/python3.13/site-packages/succulence_rover_ros
[0.740s] byte-compiling /media/systems/Data1/Uni/(AR) Algorithmic Robotics/workspace/succulence_ws/install/lib/python3.13/site-packages/succulence_rover_ros/motion_model.py to motion_model.cpython-313.pyc
[0.741s] byte-compiling /media/systems/Data1/Uni/(AR) Algorithmic Robotics/workspace/succulence_ws/install/lib/python3.13/site-packages/succulence_rover_ros/occupancy_grid_mapper.py to occupancy_grid_mapper.cpython-313.pyc
[0.743s] byte-compiling /media/systems/Data1/Uni/(AR) Algorithmic Robotics/workspace/succulence_ws/install/lib/python3.13/site-packages/succulence_rover_ros/utils.py to utils.cpython-313.pyc
[0.743s] byte-compiling /media/systems/Data1/Uni/(AR) Algorithmic Robotics/workspace/succulence_ws/install/lib/python3.13/site-packages/succulence_rover_ros/__init__.py to __init__.cpython-313.pyc
[0.743s] running install_data
[0.744s] creating /media/systems/Data1/Uni/(AR) Algorithmic Robotics/workspace/succulence_ws/install/share/ament_index/resource_index/packages
[0.744s] copying resource/succulence_rover_ros -> /media/systems/Data1/Uni/(AR) Algorithmic Robotics/workspace/succulence_ws/install/share/ament_index/resource_index/packages
[0.744s] copying package.xml -> /media/systems/Data1/Uni/(AR) Algorithmic Robotics/workspace/succulence_ws/install/share/succulence_rover_ros
[0.744s] creating /media/systems/Data1/Uni/(AR) Algorithmic Robotics/workspace/succulence_ws/install/share/succulence_rover_ros/launch
[0.744s] copying launch/dead_reckoning.launch.py -> /media/systems/Data1/Uni/(AR) Algorithmic Robotics/workspace/succulence_ws/install/share/succulence_rover_ros/launch
[0.744s] copying launch/slam.launch.py -> /media/systems/Data1/Uni/(AR) Algorithmic Robotics/workspace/succulence_ws/install/share/succulence_rover_ros/launch
[0.745s] creating /media/systems/Data1/Uni/(AR) Algorithmic Robotics/workspace/succulence_ws/install/share/succulence_rover_ros/config
[0.745s] copying config/params.yaml -> /media/systems/Data1/Uni/(AR) Algorithmic Robotics/workspace/succulence_ws/install/share/succulence_rover_ros/config
[0.745s] running install_egg_info
[0.751s] Copying ../../build/succulence_rover_ros/succulence_rover_ros.egg-info to /media/systems/Data1/Uni/(AR) Algorithmic Robotics/workspace/succulence_ws/install/lib/python3.13/site-packages/succulence_rover_ros-0.1.0-py3.13.egg-info
[0.751s] running install_scripts
[0.791s] Installing motion_model_node script to /media/systems/Data1/Uni/(AR) Algorithmic Robotics/workspace/succulence_ws/install/lib/succulence_rover_ros
[0.791s] Installing occupancy_grid_mapper_node script to /media/systems/Data1/Uni/(AR) Algorithmic Robotics/workspace/succulence_ws/install/lib/succulence_rover_ros
[0.791s] writing list of installed files to '/media/systems/Data1/Uni/(AR) Algorithmic Robotics/workspace/succulence_ws/build/succulence_rover_ros/install.log'
[0.812s] Invoked command in '/media/systems/Data1/Uni/(AR) Algorithmic Robotics/workspace/succulence_ws/src/succulence_rover_ros' returned '0': CONDA_PROMPT_MODIFIER=(base) DEBUGINFOD_URLS=https://debuginfod.ubuntu.com PYTHONPATH=/media/systems/Data1/Uni/(AR) Algorithmic Robotics/workspace/succulence_ws/build/succulence_rover_ros/prefix_override:/usr/lib/python3/dist-packages/colcon_core/task/python/colcon_distutils_commands:/media/systems/Data1/Uni/(AR) Algorithmic Robotics/workspace/succulence_ws/install/lib/python3.13/site-packages: /usr/bin/python3 -W ignore:setup.py install is deprecated -W ignore:easy_install command is deprecated setup.py egg_info --egg-base ../../build/succulence_rover_ros build --build-base /media/systems/Data1/Uni/(AR) Algorithmic Robotics/workspace/succulence_ws/build/succulence_rover_ros/build install --record /media/systems/Data1/Uni/(AR) Algorithmic Robotics/workspace/succulence_ws/build/succulence_rover_ros/install.log --single-version-externally-managed install_data
