[3.103s] Invoking command in '/workspace/succulence_ws/src/succulence_rover_ros': PYTHONPATH=/workspace/succulence_ws/build/succulence_rover_ros/prefix_override:/usr/lib/python3/dist-packages/colcon_core/task/python/colcon_distutils_commands:/workspace/succulence_ws/install/lib/python3.12/site-packages:${PYTHONPATH} /usr/bin/python3 -W ignore:setup.py install is deprecated -W ignore:easy_install command is deprecated setup.py egg_info --egg-base ../../build/succulence_rover_ros build --build-base /workspace/succulence_ws/build/succulence_rover_ros/build install --record /workspace/succulence_ws/build/succulence_rover_ros/install.log --single-version-externally-managed install_data
[4.041s] running egg_info
[4.105s] writing ../../build/succulence_rover_ros/succulence_rover_ros.egg-info/PKG-INFO
[4.107s] writing dependency_links to ../../build/succulence_rover_ros/succulence_rover_ros.egg-info/dependency_links.txt
[4.107s] writing entry points to ../../build/succulence_rover_ros/succulence_rover_ros.egg-info/entry_points.txt
[4.108s] writing requirements to ../../build/succulence_rover_ros/succulence_rover_ros.egg-info/requires.txt
[4.109s] writing top-level names to ../../build/succulence_rover_ros/succulence_rover_ros.egg-info/top_level.txt
[4.175s] reading manifest file '../../build/succulence_rover_ros/succulence_rover_ros.egg-info/SOURCES.txt'
[4.176s] writing manifest file '../../build/succulence_rover_ros/succulence_rover_ros.egg-info/SOURCES.txt'
[4.177s] running build
[4.177s] running build_py
[4.177s] running install
[4.188s] running install_lib
[4.209s] creating /workspace/succulence_ws/install/lib/python3.12/site-packages/succulence_rover_ros
[4.209s] copying /workspace/succulence_ws/build/succulence_rover_ros/build/lib/succulence_rover_ros/motion_model.py -> /workspace/succulence_ws/install/lib/python3.12/site-packages/succulence_rover_ros
[4.209s] copying /workspace/succulence_ws/build/succulence_rover_ros/build/lib/succulence_rover_ros/occupancy_grid_mapper.py -> /workspace/succulence_ws/install/lib/python3.12/site-packages/succulence_rover_ros
[4.209s] copying /workspace/succulence_ws/build/succulence_rover_ros/build/lib/succulence_rover_ros/utils.py -> /workspace/succulence_ws/install/lib/python3.12/site-packages/succulence_rover_ros
[4.210s] copying /workspace/succulence_ws/build/succulence_rover_ros/build/lib/succulence_rover_ros/__init__.py -> /workspace/succulence_ws/install/lib/python3.12/site-packages/succulence_rover_ros
[4.211s] byte-compiling /workspace/succulence_ws/install/lib/python3.12/site-packages/succulence_rover_ros/motion_model.py to motion_model.cpython-312.pyc
[4.214s] byte-compiling /workspace/succulence_ws/install/lib/python3.12/site-packages/succulence_rover_ros/occupancy_grid_mapper.py to occupancy_grid_mapper.cpython-312.pyc
[4.218s] byte-compiling /workspace/succulence_ws/install/lib/python3.12/site-packages/succulence_rover_ros/utils.py to utils.cpython-312.pyc
[4.219s] byte-compiling /workspace/succulence_ws/install/lib/python3.12/site-packages/succulence_rover_ros/__init__.py to __init__.cpython-312.pyc
[4.219s] running install_data
[4.219s] running install_egg_info
[4.241s] Copying ../../build/succulence_rover_ros/succulence_rover_ros.egg-info to /workspace/succulence_ws/install/lib/python3.12/site-packages/succulence_rover_ros-0.1.0-py3.12.egg-info
[4.242s] running install_scripts
[4.520s] Installing motion_model_node script to /workspace/succulence_ws/install/lib/succulence_rover_ros
[4.520s] Installing occupancy_grid_mapper_node script to /workspace/succulence_ws/install/lib/succulence_rover_ros
[4.520s] writing list of installed files to '/workspace/succulence_ws/build/succulence_rover_ros/install.log'
[4.562s] Invoked command in '/workspace/succulence_ws/src/succulence_rover_ros' returned '0': PYTHONPATH=/workspace/succulence_ws/build/succulence_rover_ros/prefix_override:/usr/lib/python3/dist-packages/colcon_core/task/python/colcon_distutils_commands:/workspace/succulence_ws/install/lib/python3.12/site-packages:${PYTHONPATH} /usr/bin/python3 -W ignore:setup.py install is deprecated -W ignore:easy_install command is deprecated setup.py egg_info --egg-base ../../build/succulence_rover_ros build --build-base /workspace/succulence_ws/build/succulence_rover_ros/build install --record /workspace/succulence_ws/build/succulence_rover_ros/install.log --single-version-externally-managed install_data
