[3.867s] Invoking command in '/workspace/succulence_ws/src/succulence_rover_ros': PYTHONPATH=/workspace/succulence_ws/build/succulence_rover_ros/prefix_override:/usr/lib/python3/dist-packages/colcon_core/task/python/colcon_distutils_commands:/workspace/succulence_ws/install/lib/python3.12/site-packages:${PYTHONPATH} /usr/bin/python3 -W ignore:setup.py install is deprecated -W ignore:easy_install command is deprecated setup.py egg_info --egg-base ../../build/succulence_rover_ros build --build-base /workspace/succulence_ws/build/succulence_rover_ros/build install --record /workspace/succulence_ws/build/succulence_rover_ros/install.log --single-version-externally-managed install_data
[4.600s] running egg_info
[4.631s] writing ../../build/succulence_rover_ros/succulence_rover_ros.egg-info/PKG-INFO
[4.634s] writing dependency_links to ../../build/succulence_rover_ros/succulence_rover_ros.egg-info/dependency_links.txt
[4.634s] writing entry points to ../../build/succulence_rover_ros/succulence_rover_ros.egg-info/entry_points.txt
[4.634s] writing requirements to ../../build/succulence_rover_ros/succulence_rover_ros.egg-info/requires.txt
[4.635s] writing top-level names to ../../build/succulence_rover_ros/succulence_rover_ros.egg-info/top_level.txt
[4.710s] reading manifest file '../../build/succulence_rover_ros/succulence_rover_ros.egg-info/SOURCES.txt'
[4.712s] writing manifest file '../../build/succulence_rover_ros/succulence_rover_ros.egg-info/SOURCES.txt'
[4.713s] running build
[4.713s] running build_py
[4.714s] copying succulence_rover_ros/occupancy_grid_mapper.py -> /workspace/succulence_ws/build/succulence_rover_ros/build/lib/succulence_rover_ros
[4.715s] running install
[4.740s] running install_lib
[4.903s] copying /workspace/succulence_ws/build/succulence_rover_ros/build/lib/succulence_rover_ros/occupancy_grid_mapper.py -> /workspace/succulence_ws/install/lib/python3.12/site-packages/succulence_rover_ros
[4.911s] byte-compiling /workspace/succulence_ws/install/lib/python3.12/site-packages/succulence_rover_ros/occupancy_grid_mapper.py to occupancy_grid_mapper.cpython-312.pyc
[4.938s] running install_data
[4.940s] copying config/params.yaml -> /workspace/succulence_ws/install/share/succulence_rover_ros/config
[4.941s] running install_egg_info
[5.019s] removing '/workspace/succulence_ws/install/lib/python3.12/site-packages/succulence_rover_ros-0.1.0-py3.12.egg-info' (and everything under it)
[5.021s] Copying ../../build/succulence_rover_ros/succulence_rover_ros.egg-info to /workspace/succulence_ws/install/lib/python3.12/site-packages/succulence_rover_ros-0.1.0-py3.12.egg-info
[5.025s] running install_scripts
[5.415s] Installing motion_model_node script to /workspace/succulence_ws/install/lib/succulence_rover_ros
[5.416s] Installing occupancy_grid_mapper_node script to /workspace/succulence_ws/install/lib/succulence_rover_ros
[5.417s] writing list of installed files to '/workspace/succulence_ws/build/succulence_rover_ros/install.log'
[5.543s] Invoked command in '/workspace/succulence_ws/src/succulence_rover_ros' returned '0': PYTHONPATH=/workspace/succulence_ws/build/succulence_rover_ros/prefix_override:/usr/lib/python3/dist-packages/colcon_core/task/python/colcon_distutils_commands:/workspace/succulence_ws/install/lib/python3.12/site-packages:${PYTHONPATH} /usr/bin/python3 -W ignore:setup.py install is deprecated -W ignore:easy_install command is deprecated setup.py egg_info --egg-base ../../build/succulence_rover_ros build --build-base /workspace/succulence_ws/build/succulence_rover_ros/build install --record /workspace/succulence_ws/build/succulence_rover_ros/install.log --single-version-externally-managed install_data
